[themewant.com/products/html/drill/electric/index.html]
[themewant.com/products/html/drill/electric/assets/images/fav.png]
[backblue.gif]
[fade.gif]
[index.html]
[themewant.com/products/html/drill/electric/assets/css/plugins/swiper.css]
[themewant.com/products/html/drill/electric/assets/css/plugins/fontawesome-6.css]
[themewant.com/products/html/drill/electric/assets/css/plugins/unicons.css]
[themewant.com/products/html/drill/electric/assets/css/plugins/metismenu.css]
[themewant.com/products/html/drill/electric/assets/css/style.css]
[themewant.com/products/html/drill/electric/assets/css/vendor/bootstrap.min.css]
[themewant.com/products/html/drill/electric/assets/images/logo/logo-01.svg]
[themewant.com/products/html/drill/electric/onepage.html]
[themewant.com/products/html/drill/electric/aboutus.html]
[themewant.com/products/html/drill/electric/service.html]
[themewant.com/products/html/drill/electric/service-details.html]
[themewant.com/products/html/drill/electric/blog.html]
[themewant.com/products/html/drill/electric/blog-details.html]
[themewant.com/products/html/drill/electric/appoinment.html]
[themewant.com/products/html/drill/electric/project.html]
[themewant.com/products/html/drill/electric/project-details.html]
[themewant.com/products/html/drill/electric/project-details-gallery.html]
[themewant.com/products/html/drill/electric/project-details-vedio.html]
[themewant.com/products/html/drill/electric/project-details-carousel.html]
[themewant.com/products/html/drill/electric/team.html]
[themewant.com/products/html/drill/electric/team-details.html]
[themewant.com/products/html/drill/electric/contact.html]
[themewant.com/products/html/drill/electric/faq.html]
[themewant.com/products/html/drill/electric/assets/images/banner/10.png]
[themewant.com/products/html/drill/electric/assets/images/banner/09.png]
[themewant.com/products/html/drill/electric/assets/images/service/16.jpg]
[themewant.com/products/html/drill/electric/assets/images/service/17.jpg]
[themewant.com/products/html/drill/electric/assets/images/service/18.jpg]
[themewant.com/products/html/drill/electric/assets/images/about/21.png]
[themewant.com/products/html/drill/electric/assets/images/about/21.jpg]
[themewant.com/products/html/drill/electric/assets/images/about/dt.png]
[themewant.com/products/html/drill/electric/assets/images/team/01.jpg]
[themewant.com/products/html/drill/electric/assets/images/team/02.jpg]
[themewant.com/products/html/drill/electric/assets/images/team/03.jpg]
[themewant.com/products/html/drill/electric/assets/images/about/22.jpg]
[themewant.com/products/html/drill/electric/assets/images/about/23.jpg]
[themewant.com/products/html/drill/electric/assets/images/team/21.png]
[themewant.com/products/html/drill/electric/assets/images/testimonials/08.png]
[themewant.com/products/html/drill/electric/assets/images/story/01.jpg]
[themewant.com/products/html/drill/electric/assets/images/story/02.jpg]
[themewant.com/products/html/drill/electric/assets/images/story/03.jpg]
[themewant.com/products/html/drill/electric/assets/images/banner/04.jpg]
[themewant.com/products/html/drill/electric/about.html]
[themewant.com/products/html/drill/electric/contactus.html]
[themewant.com/products/html/drill/electric/assets/images/logo/logo-02.png]
[themewant.com/products/html/drill/electric/assets/images/footer/gallery/01.png]
[themewant.com/products/html/drill/electric/assets/images/footer/gallery/02.png]
[themewant.com/products/html/drill/electric/assets/images/footer/gallery/03.png]
[themewant.com/products/html/drill/electric/assets/images/footer/gallery/04.png]
[themewant.com/products/html/drill/electric/assets/images/footer/gallery/05.png]
[themewant.com/products/html/drill/electric/assets/images/footer/gallery/06.png]
[themewant.com/products/html/drill/electric/assets/js/plugins/jquery.min.js]
[themewant.com/products/html/drill/electric/assets/js/plugins/counter-up.js]
[themewant.com/products/html/drill/electric/assets/js/vendor/jqueryui.js]
[themewant.com/products/html/drill/electric/assets/js/plugins/swiper.js]
[themewant.com/products/html/drill/electric/assets/js/plugins/metismenu.js]
[themewant.com/products/html/drill/electric/assets/js/vendor/waypoint.js]
[themewant.com/products/html/drill/electric/assets/js/vendor/waw.js]
[themewant.com/products/html/drill/electric/assets/js/plugins/gsap.min.js]
[themewant.com/products/html/drill/electric/assets/js/plugins/scrolltigger.js]
[themewant.com/products/html/drill/electric/assets/js/plugins/jquery-timepicker.js]
[themewant.com/products/html/drill/electric/index.html]
[themewant.com/products/html/drill/electric/assets/js/main.js]
[themewant.com/products/html/drill/electric/assets/js/plugins/bootstrap.min.js]
[themewant.com/products/html/drill/electric/assets/fonts/fa-brands-400.woff2]
[themewant.com/products/html/drill/electric/assets/fonts/fa-duotone-900.woff2]
[themewant.com/products/html/drill/electric/assets/fonts/fa-brands-400.ttf]
[themewant.com/products/html/drill/electric/assets/fonts/fa-light-300.woff2]
[themewant.com/products/html/drill/electric/assets/fonts/fa-regular-400.woff2]
[themewant.com/products/html/drill/electric/assets/fonts/fa-light-300.ttf]
[themewant.com/products/html/drill/electric/assets/fonts/fa-solid-900.woff2]
[themewant.com/products/html/drill/electric/assets/fonts/fa-regular-400.ttf]
[themewant.com/products/html/drill/electric/assets/fonts/fa-duotone-900.ttf]
[themewant.com/products/html/drill/electric/assets/fonts/fa-thin-100.woff2]
[themewant.com/products/html/drill/electric/assets/fonts/fa-solid-900.ttf]
[themewant.com/products/html/drill/electric/assets/fonts/fa-v4compatibility.woff2]
[themewant.com/products/html/drill/electric/assets/fonts/fa-v4compatibility.ttf]
[themewant.com/products/html/drill/electric/assets/css/plugins/fontawesome-6.css]
[themewant.com/products/html/drill/electric/assets/css/plugins/swiper.css]
[themewant.com/products/html/drill/electric/assets/css/plugins/unicons.css]
[themewant.com/products/html/drill/electric/assets/css/plugins/metismenu.css]
[themewant.com/products/html/drill/electric/assets/css/vendor/bootstrap.min.css]
[themewant.com/products/html/drill/electric/assets/images/bg/bg-image-1.jpg]
[themewant.com/products/html/drill/electric/assets/fonts/fa-thin-100.ttf]
[themewant.com/products/html/drill/electric/assets/images/bg/bg-image-2.50.delayed]
[themewant.com/products/html/drill/electric/assets/images/bg/bg-image-3.jpg]
[themewant.com/products/html/drill/electric/assets/images/bg/bg-image-4.jpg]
[themewant.com/products/html/drill/electric/assets/images/bg/bg-image-5.jpg]
[themewant.com/products/html/drill/electric/assets/images/bg/bg-image-6.jpg]
[themewant.com/products/html/drill/electric/assets/images/bg/bg-image-7.jpg]
[themewant.com/products/html/drill/electric/assets/images/bg/bg-image-8.jpg]
[themewant.com/products/html/drill/electric/assets/images/bg/bg-image-9.jpg]
[themewant.com/products/html/drill/electric/assets/images/bg/bg-image-10.jpg]
[themewant.com/products/html/drill/electric/assets/images/bg/bg-image-11.jpg]
[themewant.com/products/html/drill/electric/assets/images/bg/bg-image-12.jpg]
[themewant.com/products/html/drill/electric/assets/images/bg/bg-image-13.jpg]
[themewant.com/products/html/drill/electric/assets/images/bg/bg-image-14.jpg]
[themewant.com/products/html/drill/electric/assets/images/bg/bg-image-15.jpg]
[themewant.com/products/html/drill/electric/assets/images/bg/bg-image-16.jpg]
[themewant.com/products/html/drill/electric/assets/images/bg/bg-image-17.jpg]
[themewant.com/products/html/drill/electric/assets/images/bg/bg-image-18.jpg]
[themewant.com/products/html/drill/electric/assets/images/bg/bg-image-19.jpg]
[themewant.com/products/html/drill/electric/assets/images/bg/bg-image-20.jpg]
[themewant.com/products/html/drill/electric/assets/images/bg/bg-image-21.jpg]
[themewant.com/products/html/drill/electric/assets/images/bg/bg-image-22.jpg]
[themewant.com/products/html/drill/electric/assets/images/bg/bg-image-23.jpg]
[themewant.com/products/html/drill/electric/assets/images/bg/bg-image-24.jpg]
[themewant.com/products/html/drill/electric/assets/images/bg/bg-image-25.jpg]
[themewant.com/products/html/drill/electric/assets/images/bg/bg-image-26.jpg]
[themewant.com/products/html/drill/electric/assets/images/bg/bg-image-27.jpg]
[themewant.com/products/html/drill/electric/assets/images/bg/bg-image-28.jpg]
[themewant.com/products/html/drill/electric/assets/images/bg/bg-image-29.jpg]
[themewant.com/products/html/drill/electric/assets/images/bg/bg-image-30.jpg]
[themewant.com/products/html/drill/electric/assets/images/bg/bg-image-31.jpg]
[themewant.com/products/html/drill/electric/assets/images/bg/bg-image-32.jpg]
[themewant.com/products/html/drill/electric/assets/images/bg/bg-image-33.jpg]
[themewant.com/products/html/drill/electric/assets/images/bg/bg-image-34.jpg]
[themewant.com/products/html/drill/electric/assets/images/bg/bg-image-35.jpg]
[themewant.com/products/html/drill/electric/assets/images/bg/bg-image-36.jpg]
[themewant.com/products/html/drill/electric/assets/images/bg/bg-image-37.jpg]
[themewant.com/products/html/drill/electric/assets/images/bg/bg-image-38.jpg]
[themewant.com/products/html/drill/electric/assets/images/bg/bg-image-39.jpg]
[themewant.com/products/html/drill/electric/assets/images/bg/bg-image-40.jpg]
[themewant.com/products/html/drill/electric/assets/images/bg/bg-image-1.png]
[themewant.com/products/html/drill/electric/assets/images/bg/bg-image-2.png]
[themewant.com/products/html/drill/electric/assets/images/bg/bg-image-3.png]
[themewant.com/products/html/drill/electric/assets/images/bg/bg-image-4.png]
[themewant.com/products/html/drill/electric/assets/images/bg/bg-image-5.png]
[themewant.com/products/html/drill/electric/assets/images/bg/bg-image-6.png]
[themewant.com/products/html/drill/electric/assets/images/bg/bg-image-7.png]
[themewant.com/products/html/drill/electric/assets/images/bg/bg-image-8.png]
[themewant.com/products/html/drill/electric/assets/images/bg/bg-image-9.png]
[themewant.com/products/html/drill/electric/assets/images/bg/bg-image-10.png]
[themewant.com/products/html/drill/electric/assets/images/bg/bg-image-11.png]
[themewant.com/products/html/drill/electric/assets/images/bg/bg-image-12.png]
[themewant.com/products/html/drill/electric/assets/images/bg/bg-image-13.png]
[themewant.com/products/html/drill/electric/assets/images/bg/bg-image-14.png]
[themewant.com/products/html/drill/electric/assets/images/bg/bg-image-15.png]
[themewant.com/products/html/drill/electric/assets/images/bg/bg-image-16.png]
[themewant.com/products/html/drill/electric/assets/images/bg/bg-image-17.png]
[themewant.com/products/html/drill/electric/assets/images/bg/bg-image-18.png]
[themewant.com/products/html/drill/electric/assets/images/bg/bg-image-19.png]
[themewant.com/products/html/drill/electric/assets/images/bg/bg-image-20.png]
[themewant.com/products/html/drill/electric/assets/images/banner/breadcrumb/01.jpg]
[themewant.com/products/html/drill/electric/assets/images/banner/05.jpg]
[themewant.com/products/html/drill/electric/assets/images/banner/06.jpg]
[themewant.com/products/html/drill/electric/assets/images/banner/07.jpg]
[themewant.com/products/html/drill/electric/assets/images/banner/08.jpg]
[themewant.com/products/html/drill/electric/assets/images/banner/shape/cleaning-bottom.png]
[themewant.com/products/html/drill/electric/assets/images/cta/01.png]
[themewant.com/products/html/drill/electric/assets/images/cta/02.png]
[themewant.com/products/html/drill/electric/assets/images/about/04.jpg]
[themewant.com/products/html/drill/electric/assets/images/about/06.png]
[themewant.com/products/html/drill/electric/assets/images/about/05.jpg]
[themewant.com/products/html/drill/electric/assets/images/about/19.jpg]
[themewant.com/products/html/drill/electric/assets/images/solution/03.png]
[themewant.com/products/html/drill/electric/assets/images/service/11.jpg]
[themewant.com/products/html/drill/electric/assets/images/service/12.jpg]
[themewant.com/products/html/drill/electric/assets/images/service/bg.png]
[themewant.com/products/html/drill/electric/assets/images/service/15.jpg]
[themewant.com/products/html/drill/electric/assets/images/cta/04.jpg]
[themewant.com/products/html/drill/electric/assets/images/working-process/01.png]
[themewant.com/products/html/drill/electric/assets/images/footer/01.jpg]
[themewant.com/products/html/drill/electric/assets/images/footer/02.png]
[themewant.com/products/html/drill/electric/assets/images/banner/shape/close.png]
[themewant.com/products/html/drill/electric/assets/images/team/12.jpg]
[themewant.com/products/html/drill/electric/assets/images/testimonials/07.jpg]
[themewant.com/products/html/drill/electric/assets/images/testimonials/01.jpg]
[themewant.com/products/html/drill/electric/assets/images/appoinment/02.jpg]
[themewant.com/products/html/drill/electric/assets/css/style.css]
[themewant.com/products/html/drill/electric/assets/images/logo/logo-01.svg]
[themewant.com/products/html/drill/electric/onepage.html]
[themewant.com/products/html/drill/electric/assets/images/about/01.jpg]
[themewant.com/products/html/drill/electric/assets/images/about/02.jpg]
[themewant.com/products/html/drill/electric/assets/images/solution/01.png]
[themewant.com/products/html/drill/electric/assets/images/solution/02.jpg]
[themewant.com/products/html/drill/electric/assets/images/about/07.png]
[themewant.com/products/html/drill/electric/aboutus.html]
[themewant.com/products/html/drill/electric/assets/images/service/01.png]
[themewant.com/products/html/drill/electric/assets/images/service/02.png]
[themewant.com/products/html/drill/electric/assets/images/service/03.png]
[themewant.com/products/html/drill/electric/assets/images/service/04.png]
[themewant.com/products/html/drill/electric/assets/images/service/05.png]
[themewant.com/products/html/drill/electric/assets/images/service/06.png]
[themewant.com/products/html/drill/electric/assets/images/testimonials/logo/01.png]
[themewant.com/products/html/drill/electric/assets/images/testimonials/02.png]
[themewant.com/products/html/drill/electric/assets/images/testimonials/03.png]
[themewant.com/products/html/drill/electric/assets/images/testimonials/04.png]
[themewant.com/products/html/drill/electric/assets/images/blog/01.jpg]
[themewant.com/products/html/drill/electric/assets/images/blog/02.jpg]
[themewant.com/products/html/drill/electric/assets/images/blog/03.jpg]
[themewant.com/products/html/drill/electric/service.html]
[themewant.com/products/html/drill/electric/assets/images/service/09.jpg]
[themewant.com/products/html/drill/electric/assets/images/service/10.jpg]
[themewant.com/products/html/drill/electric/assets/images/cta/03.jpg]
[themewant.com/products/html/drill/electric/service-details.html]
[themewant.com/products/html/drill/electric/assets/images/blog/04.jpg]
[themewant.com/products/html/drill/electric/assets/images/blog/05.jpg]
[themewant.com/products/html/drill/electric/assets/images/blog/06.jpg]
[themewant.com/products/html/drill/electric/assets/images/blog/07.jpg]
[themewant.com/products/html/drill/electric/assets/images/blog/08.jpg]
[themewant.com/products/html/drill/electric/assets/images/blog/09.jpg]
[themewant.com/products/html/drill/electric/blog.html]
[themewant.com/products/html/drill/electric/assets/images/blog/10.jpg]
[themewant.com/products/html/drill/electric/assets/images/blog/11.jpg]
[themewant.com/products/html/drill/electric/assets/images/blog/12.jpg]
[themewant.com/products/html/drill/electric/assets/images/blog/14.jpg]
[themewant.com/products/html/drill/electric/assets/images/blog/15.jpg]
[themewant.com/products/html/drill/electric/assets/images/blog/19.jpg]
[themewant.com/products/html/drill/electric/assets/images/blog/20.jpg]
[themewant.com/products/html/drill/electric/assets/images/blog/21.jpg]
[themewant.com/products/html/drill/electric/assets/images/blog/details/gallery/01.png]
[themewant.com/products/html/drill/electric/assets/images/blog/details/gallery/02.png]
[themewant.com/products/html/drill/electric/assets/images/blog/details/gallery/03.png]
[themewant.com/products/html/drill/electric/assets/images/blog/details/gallery/04.png]
[themewant.com/products/html/drill/electric/assets/images/blog/details/gallery/05.png]
[themewant.com/products/html/drill/electric/assets/images/blog/details/gallery/06.png]
[themewant.com/products/html/drill/electric/blog-details.html]
[themewant.com/products/html/drill/electric/assets/images/appoinment/01.jpg]
[themewant.com/products/html/drill/electric/appoinment.html]
[themewant.com/products/html/drill/electric/assets/images/project/shape/01.png]
[themewant.com/products/html/drill/electric/assets/images/project/01.jpg]
[themewant.com/products/html/drill/electric/assets/images/project/shape/02.png]
[themewant.com/products/html/drill/electric/assets/images/project/02.jpg]
[themewant.com/products/html/drill/electric/assets/images/project/03.jpg]
[themewant.com/products/html/drill/electric/assets/images/project/04.jpg]
[themewant.com/products/html/drill/electric/assets/images/project/05.jpg]
[themewant.com/products/html/drill/electric/project.html]
[themewant.com/products/html/drill/electric/assets/images/project/09.jpg]
[themewant.com/products/html/drill/electric/project-details.html]
[themewant.com/products/html/drill/electric/assets/images/project/20.jpg]
[themewant.com/products/html/drill/electric/assets/images/project/21.jpg]
[themewant.com/products/html/drill/electric/assets/images/project/22.jpg]
[themewant.com/products/html/drill/electric/assets/images/project/23.jpg]
[themewant.com/products/html/drill/electric/project-details-gallery.html]
[themewant.com/products/html/drill/electric/project-details-vedio.html]
[themewant.com/products/html/drill/electric/project-details-carousel.html]
[themewant.com/products/html/drill/electric/assets/images/team/04.jpg]
[themewant.com/products/html/drill/electric/assets/images/team/05.jpg]
[themewant.com/products/html/drill/electric/assets/images/team/06.jpg]
[themewant.com/products/html/drill/electric/team.html]
[themewant.com/products/html/drill/electric/assets/images/team/07.jpg]
[themewant.com/products/html/drill/electric/team-details.html]
[themewant.com/products/html/drill/electric/assets/images/footer/03.jpg]
[themewant.com/products/html/drill/electric/assets/images/footer/04.jpg]
[themewant.com/products/html/drill/electric/assets/images/footer/05.jpg]
[themewant.com/products/html/drill/electric/assets/images/footer/06.jpg]
[themewant.com/products/html/drill/electric/contact.html]
[themewant.com/products/html/drill/electric/assets/images/faq/01.png]
[themewant.com/products/html/drill/electric/faq.html]
[themewant.com/products/html/drill/electric/about.html]
[themewant.com/products/html/drill/electric/contactus.html]
[themewant.com/products/html/drill/electric/assets/js/plugins/jquery.min.js]
[themewant.com/products/html/drill/electric/assets/js/vendor/jqueryui.js]
[themewant.com/products/html/drill/electric/assets/js/plugins/counter-up.js]
[themewant.com/products/html/drill/electric/assets/js/plugins/swiper.js]
[themewant.com/products/html/drill/electric/assets/js/plugins/metismenu.js]
[themewant.com/products/html/drill/electric/assets/js/vendor/waypoint.js]
[themewant.com/products/html/drill/electric/assets/js/vendor/waw.js]
[themewant.com/products/html/drill/electric/assets/js/plugins/gsap.min.js]
[themewant.com/products/html/drill/electric/assets/js/plugins/scrolltigger.js]
[themewant.com/products/html/drill/electric/assets/js/plugins/jquery-timepicker.js]
[themewant.com/products/html/drill/electric/assets/js/plugins/bootstrap.min.js]
[themewant.com/products/html/drill/electric/assets/js/main.js]
[themewant.com/products/html/drill/electric/assets/images/bg/bg-image-2.html]
[themewant.com/products/html/drill/electric/assets/images/bg/bg-image-3.html]
[themewant.com/products/html/drill/electric/assets/images/bg/bg-image-4.html]
[themewant.com/products/html/drill/electric/assets/images/bg/bg-image-5.html]
[themewant.com/products/html/drill/electric/assets/images/bg/bg-image-6.html]
[themewant.com/products/html/drill/electric/assets/images/bg/bg-image-7.html]
[themewant.com/products/html/drill/electric/assets/images/bg/bg-image-8.html]
[themewant.com/products/html/drill/electric/assets/images/bg/bg-image-9.html]
[themewant.com/products/html/drill/electric/assets/images/bg/bg-image-10.html]
[themewant.com/products/html/drill/electric/assets/images/bg/bg-image-11.html]
[themewant.com/products/html/drill/electric/assets/images/bg/bg-image-12.html]
[themewant.com/products/html/drill/electric/assets/images/bg/bg-image-13.html]
[themewant.com/products/html/drill/electric/assets/images/bg/bg-image-14.html]
[themewant.com/products/html/drill/electric/assets/images/bg/bg-image-15.html]
[themewant.com/products/html/drill/electric/assets/images/bg/bg-image-16.html]
[themewant.com/products/html/drill/electric/assets/images/bg/bg-image-17.html]
[themewant.com/products/html/drill/electric/assets/images/bg/bg-image-18.html]
[themewant.com/products/html/drill/electric/assets/images/bg/bg-image-19.html]
[themewant.com/products/html/drill/electric/assets/images/bg/bg-image-20.html]
[themewant.com/products/html/drill/electric/assets/images/bg/bg-image-21.html]
[themewant.com/products/html/drill/electric/assets/images/bg/bg-image-22.html]
[themewant.com/products/html/drill/electric/assets/images/bg/bg-image-23.html]
[themewant.com/products/html/drill/electric/assets/images/bg/bg-image-24.html]
[themewant.com/products/html/drill/electric/assets/images/bg/bg-image-25.html]
[themewant.com/products/html/drill/electric/assets/images/bg/bg-image-26.html]
[themewant.com/products/html/drill/electric/assets/images/bg/bg-image-27.html]
[themewant.com/products/html/drill/electric/assets/images/bg/bg-image-28.html]
[themewant.com/products/html/drill/electric/assets/images/bg/bg-image-29.html]
[themewant.com/products/html/drill/electric/assets/images/bg/bg-image-30.html]
[themewant.com/products/html/drill/electric/assets/images/bg/bg-image-31.html]
[themewant.com/products/html/drill/electric/assets/images/bg/bg-image-32.html]
[themewant.com/products/html/drill/electric/assets/images/bg/bg-image-33.html]
[themewant.com/products/html/drill/electric/assets/images/bg/bg-image-34.html]
[themewant.com/products/html/drill/electric/assets/images/bg/bg-image-35.html]
[themewant.com/products/html/drill/electric/assets/images/bg/bg-image-36.html]
[themewant.com/products/html/drill/electric/assets/images/bg/bg-image-37.html]
[themewant.com/products/html/drill/electric/assets/images/bg/bg-image-38.html]
[themewant.com/products/html/drill/electric/assets/images/bg/bg-image-39.html]
[themewant.com/products/html/drill/electric/assets/images/bg/bg-image-40.html]
[themewant.com/products/html/drill/electric/assets/images/bg/bg-image-1.html]
[themewant.com/products/html/drill/electric/assets/images/bg/bg-image-41.html]
[themewant.com/products/html/drill/electric/assets/images/bg/bg-image-42.html]
[themewant.com/products/html/drill/electric/assets/images/bg/bg-image-43.html]
[themewant.com/products/html/drill/electric/assets/images/bg/bg-image-44.html]
[themewant.com/products/html/drill/electric/assets/images/bg/bg-image-45.html]
[themewant.com/products/html/drill/electric/assets/images/bg/bg-image-46.html]
[themewant.com/products/html/drill/electric/assets/images/bg/bg-image-47.html]
[themewant.com/products/html/drill/electric/assets/images/bg/bg-image-48.html]
[themewant.com/products/html/drill/electric/assets/images/bg/bg-image-49.html]
[themewant.com/products/html/drill/electric/assets/images/bg/bg-image-50.html]
[themewant.com/products/html/drill/electric/assets/images/bg/bg-image-51.html]
[themewant.com/products/html/drill/electric/assets/images/bg/bg-image-52.html]
[themewant.com/products/html/drill/electric/assets/images/bg/bg-image-53.html]
[themewant.com/products/html/drill/electric/assets/images/bg/bg-image-54.html]
[themewant.com/products/html/drill/electric/assets/images/bg/bg-image-55.html]
[themewant.com/products/html/drill/electric/assets/images/bg/bg-image-56.html]
[themewant.com/products/html/drill/electric/assets/images/bg/bg-image-57.html]
[themewant.com/products/html/drill/electric/assets/images/bg/bg-image-58.html]
[themewant.com/products/html/drill/electric/assets/images/bg/bg-image-59.html]
[themewant.com/products/html/drill/electric/Version/index.html]
[themewant.com/products/html/drill/electric/Version/index.html]
[themewant.com/products/html/drill/electric/version/index-2.html]
[themewant.com/products/html/drill/electric/version/index-2.html]
